bob	coffee	2	3.85	3.5
bob	donut	4	3.25	1.5
alice	cookie	2	1.4	0.8
alice	tea	3	3.79	1.99
bob	cofee	1	2.05	2.05
