bob	coffee	3.5	3.5	3.5	1
bob	donut	2.8	1.5	1.15	3
alice	cookie	1.4	0.8	0.7	2
alice	tea	3.49	1.99	1.745	2
bob	cofee	2.05	2.05	2.05	1
