bob	coffee	3.5	3.5
bob	donut	0.45	0.8
alice	cookie	0.6	0.8
alice	tea	1.5	1.99
bob	cofee	2.05	2.05
