testExcel.xlsx,Sheet1,A
testExcel.xlsx,Sheet1,1.0
testExcel.xlsx,Sheet1,2.0
testExcel.xlsx,Sheet1,3.0
testExcel.xlsx,Sheet1,4.0